%%%%%%%%%%     MOJIKYO fonts     %%%%%%%%%%
#x This is for MOJIKYO fonts.
mojik101    "Mojikyo M101"
mojik102    "Mojikyo M102"
mojik103    "Mojikyo M103"
mojik104    "Mojikyo M104"
mojik105    "Mojikyo M105"
mojik106    "Mojikyo M106"
mojik107    "Mojikyo M107"
mojik108    "Mojikyo M108"
mojik109    "Mojikyo M109"
mojik110    "Mojikyo M110"
mojik111    "Mojikyo M111"
mojik112    "Mojikyo M112"
mojik113    "Mojikyo M113"
mojik114    "Mojikyo M114"
mojik115    "Mojikyo M115"
mojik116    "Mojikyo M116"
mojik117    "Mojikyo M117"
mojik118    "Mojikyo M118"
mojik119    "Mojikyo M119"
mojik120    "Mojikyo M120"
mojik121    "Mojikyo M121"
mojik181    "Mojikyo M181"
mojik182    "Mojikyo M182"
mojik183    "Mojikyo M183"
mojik185    "Mojikyo M185"
mojik186    "Mojikyo M186"
mojik187    "Mojikyo M187"
mojik188    "Mojikyo M188"
mojik189    "Mojikyo M189"
mojik190    "Mojikyo M190"
mojik191    "Mojikyo M191"
mojik192    "Mojikyo M192"
mojik193    "Mojikyo M193"
mojik194    "Mojikyo M194"
mojik202    "Mojikyo M202"
mojik203    "Mojikyo M203"
%skip
mojkb101    "Mojikyo M101/B"
mojkb102    "Mojikyo M102/B"
mojkb103    "Mojikyo M103/B"
mojkb104    "Mojikyo M104/B"
mojkb105    "Mojikyo M105/B"
mojkb106    "Mojikyo M106/B"
mojkb107    "Mojikyo M107/B"
mojkb108    "Mojikyo M108/B"
mojkb109    "Mojikyo M109/B"
mojkb110    "Mojikyo M110/B"
mojkb111    "Mojikyo M111/B"
mojkb112    "Mojikyo M112/B"
mojkb113    "Mojikyo M113/B"
mojkb114    "Mojikyo M114/B"
mojkb115    "Mojikyo M115/B"
mojkb116    "Mojikyo M116/B"
mojkb117    "Mojikyo M117/B"
mojkb118    "Mojikyo M118/B"
mojkb119    "Mojikyo M119/B"
mojkb120    "Mojikyo M120/B"
mojkb121    "Mojikyo M121/B"
mojkb181    "Mojikyo M181/B"
mojkb182    "Mojikyo M182/B"
mojkb183    "Mojikyo M183/B"
mojkb185    "Mojikyo M185/B"
mojkb186    "Mojikyo M186/B"
mojkb187    "Mojikyo M187/B"
mojkb188    "Mojikyo M188/B"
mojkb189    "Mojikyo M189/B"
mojkb190    "Mojikyo M190/B"
mojkb191    "Mojikyo M191/B"
mojkb192    "Mojikyo M192/B"
mojkb193    "Mojikyo M193/B"
mojkb194    "Mojikyo M194/B"
mojkb202    "Mojikyo M202/B"
mojkb203    "Mojikyo M203/B"
%endskip
mojkv101    "@Mojikyo M101"
mojkv102    "@Mojikyo M102"
mojkv103    "@Mojikyo M103"
mojkv104    "@Mojikyo M104"
mojkv105    "@Mojikyo M105"
mojkv106    "@Mojikyo M106"
mojkv107    "@Mojikyo M107"
mojkv108    "@Mojikyo M108"
mojkv109    "@Mojikyo M109"
mojkv110    "@Mojikyo M110"
mojkv111    "@Mojikyo M111"
mojkv112    "@Mojikyo M112"
mojkv113    "@Mojikyo M113"
mojkv114    "@Mojikyo M114"
mojkv115    "@Mojikyo M115"
mojkv116    "@Mojikyo M116"
mojkv117    "@Mojikyo M117"
mojkv118    "@Mojikyo M118"
mojkv119    "@Mojikyo M119"
mojkv120    "@Mojikyo M120"
mojkv121    "@Mojikyo M121"
mojkv181    "@Mojikyo M181"
mojkv182    "@Mojikyo M182"
mojkv183    "@Mojikyo M183"
mojkv185    "@Mojikyo M185"
mojkv186    "@Mojikyo M186"
mojkv187    "@Mojikyo M187"
mojkv188    "@Mojikyo M188"
mojkv189    "@Mojikyo M189"
mojkv190    "@Mojikyo M190"
mojkv191    "@Mojikyo M191"
mojkv192    "@Mojikyo M192"
mojkv193    "@Mojikyo M193"
mojkv194    "@Mojikyo M194"
mojkv202    "@Mojikyo M202"
mojkv203    "@Mojikyo M203"
%skip
mojvb101    "@Mojikyo M101/B"
mojvb102    "@Mojikyo M102/B"
mojvb103    "@Mojikyo M103/B"
mojvb104    "@Mojikyo M104/B"
mojvb105    "@Mojikyo M105/B"
mojvb106    "@Mojikyo M106/B"
mojvb107    "@Mojikyo M107/B"
mojvb108    "@Mojikyo M108/B"
mojvb109    "@Mojikyo M109/B"
mojvb110    "@Mojikyo M110/B"
mojvb111    "@Mojikyo M111/B"
mojvb112    "@Mojikyo M112/B"
mojvb113    "@Mojikyo M113/B"
mojvb114    "@Mojikyo M114/B"
mojvb115    "@Mojikyo M115/B"
mojvb116    "@Mojikyo M116/B"
mojvb117    "@Mojikyo M117/B"
mojvb118    "@Mojikyo M118/B"
mojvb119    "@Mojikyo M119/B"
mojvb120    "@Mojikyo M120/B"
mojvb121    "@Mojikyo M121/B"
mojvb181    "@Mojikyo M181/B"
mojvb182    "@Mojikyo M182/B"
mojvb183    "@Mojikyo M183/B"
mojvb185    "@Mojikyo M185/B"
mojvb186    "@Mojikyo M186/B"
mojvb187    "@Mojikyo M187/B"
mojvb188    "@Mojikyo M188/B"
mojvb189    "@Mojikyo M189/B"
mojvb190    "@Mojikyo M190/B"
mojvb191    "@Mojikyo M191/B"
mojvb192    "@Mojikyo M192/B"
mojvb193    "@Mojikyo M193/B"
mojvb194    "@Mojikyo M194/B"
mojvb202    "@Mojikyo M202/B"
mojvb203    "@Mojikyo M203/B"
%endskip
